// Jest Snapshot v1, https://goo.gl/fbAQLP

exports[`CountryDetails tests should not render country details when no selected country and should navigate to main screen 1`] = `null`;

exports[`CountryDetails tests should render country details 1`] = `
<section
  className="details"
>
  <h2>
    Country Details
  </h2>
  <div
    className="details-item"
    onClick={[Function]}
  >
    <test
      className="svg"
    />
  </div>
  <div
    className="details-item details-item--row"
  >
    <div
      className="details-item"
    >
      <span
        className="details-item-header"
      >
        Iso Code
      </span>
      <span
        className="details-item-header"
      >
        Name
      </span>
      <span
        className="details-item-header"
      >
        CapitalCity
      </span>
      <span
        className="details-item-header"
      >
        Longitude
      </span>
      <span
        className="details-item-header"
      >
        Latitude
      </span>
    </div>
    <div
      className="column country-tile"
      onMouseDownCapture={[Function]}
      onMouseUpCapture={[Function]}
    >
      <div
        className="country-tile-inner"
      />
      <span
        className="country-tile-item"
      >
        ZI
      </span>
      <span
        className="country-tile-item"
      >
        Africa Western and Central
      </span>
      <span
        className="country-tile-item"
      >
        N/A
      </span>
      <span
        className="country-tile-item"
      >
        N/A
      </span>
      <span
        className="country-tile-item"
      >
        N/A
      </span>
    </div>
  </div>
  <div
    className="details-item details-item--row"
  >
    <div
      className="details-item"
    >
      <span
        className="details-item-header"
      >
        Region
      </span>
    </div>
    <div
      className="details-item"
    >
      <span
        className="details-item-label"
      >
        Aggregates
      </span>
      <span
        className="details-item-label"
      >
        NA
      </span>
      <span
        className="details-item-label"
      >
        NA
      </span>
    </div>
  </div>
  <div
    className="details-item details-item--row"
  >
    <div
      className="details-item"
    >
      <span
        className="details-item-header"
      >
        Adminregion
      </span>
    </div>
    <div
      className="details-item"
    >
      <span
        className="details-item-label"
      >
        N/A
      </span>
      <span
        className="details-item-label"
      >
        N/A
      </span>
      <span
        className="details-item-label"
      >
        N/A
      </span>
    </div>
  </div>
  <div
    className="details-item details-item--row"
  >
    <div
      className="details-item"
    >
      <span
        className="details-item-header"
      >
        IncomeLevel
      </span>
    </div>
    <div
      className="details-item"
    >
      <span
        className="details-item-label"
      >
        NA
      </span>
      <span
        className="details-item-label"
      >
        NA
      </span>
      <span
        className="details-item-label"
      >
        Aggregates
      </span>
    </div>
  </div>
  <div
    className="details-item details-item--row"
  >
    <div
      className="details-item"
    >
      <span
        className="details-item-header"
      >
        LendingType
      </span>
    </div>
    <div
      className="details-item"
    >
      <span
        className="details-item-label"
      >
        N/A
      </span>
      <span
        className="details-item-label"
      >
        N/A
      </span>
      <span
        className="details-item-label"
      >
        Aggregates
      </span>
    </div>
  </div>
</section>
`;
